16:57:23 [vite] http proxy error: /api/attendances?from=2026-07-01&to=2026-07-23&status=all&page=1&pageSize=25
AggregateError [ECONNREFUSED]: 
    at internalConnectMultiple (node:net:1142:49)
    at afterConnectMultiple (node:net:1723:7)
16:57:23 [vite] http proxy error: /api/attendances?from=2026-07-01&to=2026-07-23&status=all&page=1&pageSize=25
AggregateError [ECONNREFUSED]: 
    at internalConnectMultiple (node:net:1142:49)
    at afterConnectMultiple (node:net:1723:7)
16:57:31 [vite] http proxy error: /api/report-settings
AggregateError [ECONNREFUSED]: 
    at internalConnectMultiple (node:net:1142:49)
    at afterConnectMultiple (node:net:1723:7)
16:57:31 [vite] http proxy error: /api/report-settings
AggregateError [ECONNREFUSED]: 
    at internalConnectMultiple (node:net:1142:49)
    at afterConnectMultiple (node:net:1723:7)
16:57:47 [vite] http proxy error: /api/report-settings
AggregateError [ECONNREFUSED]: 
    at internalConnectMultiple (node:net:1142:49)
    at afterConnectMultiple (node:net:1723:7)
17:00:02 [vite] http proxy error: /api/attendances?from=2026-07-01&to=2026-07-23&status=all&page=1&pageSize=25
Error: socket hang up
    at Socket.socketOnEnd (node:_http_client:599:25)
    at Socket.emit (node:events:520:35)
    at endReadableNT (node:internal/streams/readable:1729:12)
    at process.processTicksAndRejections (node:internal/process/task_queues:90:21)
